fichier resultat du test : testCoutMartinConcertSport.out
Contenu de la base :
SQL> @ utilitaires/afficherContenuBaseBilleterie.sql
SQL> -- ==========================
SQL> -- fichier : afficherContenuBaseBilleterie.sql
SQL> -- base : BILLETERIE
SQL> -- auteur(s) : Maxime LAFARIE
SQL> -- auteur(s) : Nicolas DOUSSON
SQL> -- date : 07/01/14
SQL> -- role : Afficher le contenu des differentes tables de la base
SQL> -- projet : Billeterie
SQL> -- ==========================
SQL> 
SQL> prompt Contenu de la table client :
Contenu de la table client :
SQL> 
SQL> SELECT * FROM CLIENT;

     IDCLI NOMCLI          PRENOMCLI       TELCLI     MAILCLI                   
---------- --------------- --------------- ---------- --------------------      
ADRCLI                                                                          
---------------                                                                 
         1 MARTIN          Jean            0505050505 martin@gmail.com          
La Rochelle                                                                     
                                                                                
         2 DUPONT          Paul            0506060606 dupont@gmail.com          
La Rochelle                                                                     
                                                                                

SQL> 
SQL> prompt Contenu de la table billet :
Contenu de la table billet :
SQL> 
SQL> SELECT * FROM BILLET;

  IDBILLET CODEBILLET           IDCLI    IDTARIF IDSITERESA      IDEVT          
---------- --------------- ---------- ---------- ---------- ----------          
         1 15ED68EP10EPD            1          1          1          1          
         2 65QS82CD02POD            1          2          1          1          
         3 85PO36DM19CBD            1          1                     2          
         4 65DE48IL37UDT            1          4                     3          
         5 15KD86KU92EGT            1          5                     3          
         6 02IH68GT40FAB            2          1          1          4          
         7 70DE65MQ58DOE            1          3                     4          

7 rows selected.

SQL> 
SQL> prompt Contenu de la table evenement :
Contenu de la table evenement :
SQL> 
SQL> SELECT * FROM EVENEMENT;

     IDEVT TITREEVT        DATEEVT    TYPEEVT    IDSALLE                        
---------- --------------- ---------- ------- ----------                        
         1 Les Joyaux      01-02-2014 sport            1                        
         2 Clipto          10-04-2014 concert          2                        
         3 Barbatruc       25-06-2014 concert          3                        
         4 Lourpa          05-03-2015 comedie          1                        

SQL> 
SQL> prompt Contenu de la table salle :
Contenu de la table salle :
SQL> 
SQL> SELECT * FROM SALLE;

   IDSALLE NOMSALLE        ADRSALLE                                             
---------- --------------- --------------------                                 
         1 CARLINE         La Rochelle                                          
         2 Melrane         Bordeaux                                             
         3 Ilimage         Nantes                                               

SQL> 
SQL> prompt Contenu de la table tarif :
Contenu de la table tarif :
SQL> 
SQL> SELECT * FROM TARIF;

   IDTARIF       PRIX TYPETARI                                                  
---------- ---------- --------                                                  
         1        100 plein                                                     
         2         50 enfant                                                    
         3         85 plein                                                     
         4         65 plein                                                     
         5         25 enfant                                                    

SQL> 
SQL> prompt Contenu de la table siteresa :
Contenu de la table siteresa :
SQL> 
SQL> SELECT * FROM SITERESA;

IDSITERESA NOMSITERESA          URLSITERESA                                     
---------- -------------------- --------------------                            
         1 LeMoinsCher          www.lmc.com                                     

SQL> 
SQL> -- ============================================================================
SQL> -- Requete a tester
SQL> -- ============================================================================
SQL> 
SQL> -- Debut de l'affichage du resultat de la requete sur le client SqlPlus
SQL> prompt 'Resultat de la requete'
'Resultat de la requete'
SQL> @ tests/coutMartinConcertSport/coutMartinConcertSport.sql
SQL> -- ==================================================
SQL> -- fichier : nbrDiffEvtMartin.sql
SQL> -- base : BILLETERIE
SQL> -- auteur(s) : Nicolas DOUSSON
SQL> -- date : 07/01/14
SQL> -- role : Affichage du coût pour MARTIN Jean pour les
SQL> -- 	       événements de type Sport ou Concert
SQL> -- projet : Billeterie
SQL> -- ==================================================
SQL> 
SQL> SELECT DISTINCT C.nomcli, C.prenomcli, E.typeevt, E.titreevt, SUM(T.prix) as "Prix pour Mr. MARTIN"
  2  FROM Billet B, Client C, Tarif T, Evenement E
  3  WHERE C.nomcli = 'MARTIN'
  4  AND C.prenomcli = 'Jean'
  5  AND E.idevt = B.idevt
  6  AND B.idtarif = T.idtarif
  7  AND C.idcli = B.idcli
  8  AND E.typeevt IN ('concert', 'sport')
  9  GROUP BY C.nomcli, C.prenomcli, E.typeevt, E.titreevt;

NOMCLI          PRENOMCLI       TYPEEVT TITREEVT        Prix pour Mr. MARTIN    
--------------- --------------- ------- --------------- --------------------    
MARTIN          Jean            sport   Les Joyaux                       150    
MARTIN          Jean            concert Clipto                           100    
MARTIN          Jean            concert Barbatruc                         90    

SQL> 
SQL> 
SQL> -- Fin de l'affichage sur le client SqlPlus
SQL> SET echo OFF
